{
    "Should run the generate_geometry process": {
        "content": [
            {
                "0": [
                    "horn.step:md5,e02c2cebf0e024affbc61101e7c9bebc"
                ]
            }
        ],
        "meta": {
            "nf-test": "0.9.2",
            "nextflow": "24.10.5"
        },
        "timestamp": "2025-07-08T10:54:06.514056"
    }
}